// Jest Snapshot v1, https://goo.gl/fbAQLP

exports[`Game tests Snapshots should render correctly 1`] = `<Tetris />`;
