// Jest Snapshot v1, https://goo.gl/fbAQLP

exports[`LastGameStats tests Snapshots should render correctly 1`] = `
<span
  id="lastGameStats"
  style={
    Object {
      "display": "none",
    }
  }
/>
`;
