// Jest Snapshot v1, https://goo.gl/fbAQLP

exports[`Tetris tests Snapshots should build 1`] = `Array []`;
