// Jest Snapshot v1, https://goo.gl/fbAQLP

exports[`Title tests Snapshots should render correctly 1`] = `
<Title
  level={4}
>
  Tetris
</Title>
`;
